------------------------------------------------------------
Timing Analyzer Summary
------------------------------------------------------------

Type  : Slow 1100mV 85C Model Setup 'CLOCK_50'
Slack : -42.975
TNS   : -909.737

Type  : Slow 1100mV 85C Model Setup 'audio_interface:A1|BPM_counter:B1|Step'
Slack : -4.429
TNS   : -61.043

Type  : Slow 1100mV 85C Model Setup 'audio_interface:A1|avconf:AVC1|mI2C_CTRL_CLK'
Slack : -2.263
TNS   : -125.084

Type  : Slow 1100mV 85C Model Setup 'audio_interface:A1|DAC_controller:DC1|i2cState.I2CREAD_ACK'
Slack : -1.102
TNS   : -4.142

Type  : Slow 1100mV 85C Model Setup 'D1|V1|VGA|mypll|altpll_component|auto_generated|generic_pll1~PLL_OUTPUT_COUNTER|divclk'
Slack : 28.043
TNS   : 0.000

Type  : Slow 1100mV 85C Model Hold 'CLOCK_50'
Slack : 0.133
TNS   : 0.000

Type  : Slow 1100mV 85C Model Hold 'audio_interface:A1|avconf:AVC1|mI2C_CTRL_CLK'
Slack : 0.257
TNS   : 0.000

Type  : Slow 1100mV 85C Model Hold 'audio_interface:A1|BPM_counter:B1|Step'
Slack : 0.431
TNS   : 0.000

Type  : Slow 1100mV 85C Model Hold 'D1|V1|VGA|mypll|altpll_component|auto_generated|generic_pll1~PLL_OUTPUT_COUNTER|divclk'
Slack : 0.440
TNS   : 0.000

Type  : Slow 1100mV 85C Model Hold 'audio_interface:A1|DAC_controller:DC1|i2cState.I2CREAD_ACK'
Slack : 0.856
TNS   : 0.000

Type  : Slow 1100mV 85C Model Recovery 'audio_interface:A1|DAC_controller:DC1|i2cState.I2CREAD_ACK'
Slack : -2.867
TNS   : -11.455

Type  : Slow 1100mV 85C Model Recovery 'CLOCK_50'
Slack : 14.875
TNS   : 0.000

Type  : Slow 1100mV 85C Model Removal 'CLOCK_50'
Slack : 1.444
TNS   : 0.000

Type  : Slow 1100mV 85C Model Removal 'audio_interface:A1|DAC_controller:DC1|i2cState.I2CREAD_ACK'
Slack : 2.344
TNS   : 0.000

Type  : Slow 1100mV 85C Model Minimum Pulse Width 'audio_interface:A1|avconf:AVC1|mI2C_CTRL_CLK'
Slack : -0.394
TNS   : -36.979

Type  : Slow 1100mV 85C Model Minimum Pulse Width 'audio_interface:A1|BPM_counter:B1|Step'
Slack : -0.394
TNS   : -9.489

Type  : Slow 1100mV 85C Model Minimum Pulse Width 'audio_interface:A1|DAC_controller:DC1|i2cState.I2CREAD_ACK'
Slack : -0.394
TNS   : -2.248

Type  : Slow 1100mV 85C Model Minimum Pulse Width 'D1|V1|VGA|mypll|altpll_component|auto_generated|generic_pll1~FRACTIONAL_PLL|vcoph[0]'
Slack : 1.666
TNS   : 0.000

Type  : Slow 1100mV 85C Model Minimum Pulse Width 'CLOCK_50'
Slack : 8.858
TNS   : 0.000

Type  : Slow 1100mV 85C Model Minimum Pulse Width 'D1|V1|VGA|mypll|altpll_component|auto_generated|generic_pll1~PLL_OUTPUT_COUNTER|divclk'
Slack : 18.757
TNS   : 0.000

Type  : Slow 1100mV 0C Model Setup 'CLOCK_50'
Slack : -43.783
TNS   : -921.494

Type  : Slow 1100mV 0C Model Setup 'audio_interface:A1|BPM_counter:B1|Step'
Slack : -4.581
TNS   : -63.414

Type  : Slow 1100mV 0C Model Setup 'audio_interface:A1|avconf:AVC1|mI2C_CTRL_CLK'
Slack : -2.224
TNS   : -120.611

Type  : Slow 1100mV 0C Model Setup 'audio_interface:A1|DAC_controller:DC1|i2cState.I2CREAD_ACK'
Slack : -1.112
TNS   : -4.117

Type  : Slow 1100mV 0C Model Setup 'D1|V1|VGA|mypll|altpll_component|auto_generated|generic_pll1~PLL_OUTPUT_COUNTER|divclk'
Slack : 28.506
TNS   : 0.000

Type  : Slow 1100mV 0C Model Hold 'CLOCK_50'
Slack : -0.217
TNS   : -0.406

Type  : Slow 1100mV 0C Model Hold 'audio_interface:A1|avconf:AVC1|mI2C_CTRL_CLK'
Slack : 0.242
TNS   : 0.000

Type  : Slow 1100mV 0C Model Hold 'D1|V1|VGA|mypll|altpll_component|auto_generated|generic_pll1~PLL_OUTPUT_COUNTER|divclk'
Slack : 0.428
TNS   : 0.000

Type  : Slow 1100mV 0C Model Hold 'audio_interface:A1|BPM_counter:B1|Step'
Slack : 0.437
TNS   : 0.000

Type  : Slow 1100mV 0C Model Hold 'audio_interface:A1|DAC_controller:DC1|i2cState.I2CREAD_ACK'
Slack : 0.823
TNS   : 0.000

Type  : Slow 1100mV 0C Model Recovery 'audio_interface:A1|DAC_controller:DC1|i2cState.I2CREAD_ACK'
Slack : -2.918
TNS   : -11.659

Type  : Slow 1100mV 0C Model Recovery 'CLOCK_50'
Slack : 15.098
TNS   : 0.000

Type  : Slow 1100mV 0C Model Removal 'CLOCK_50'
Slack : 1.344
TNS   : 0.000

Type  : Slow 1100mV 0C Model Removal 'audio_interface:A1|DAC_controller:DC1|i2cState.I2CREAD_ACK'
Slack : 2.419
TNS   : 0.000

Type  : Slow 1100mV 0C Model Minimum Pulse Width 'audio_interface:A1|avconf:AVC1|mI2C_CTRL_CLK'
Slack : -0.394
TNS   : -36.780

Type  : Slow 1100mV 0C Model Minimum Pulse Width 'audio_interface:A1|BPM_counter:B1|Step'
Slack : -0.394
TNS   : -9.189

Type  : Slow 1100mV 0C Model Minimum Pulse Width 'audio_interface:A1|DAC_controller:DC1|i2cState.I2CREAD_ACK'
Slack : -0.394
TNS   : -2.240

Type  : Slow 1100mV 0C Model Minimum Pulse Width 'D1|V1|VGA|mypll|altpll_component|auto_generated|generic_pll1~FRACTIONAL_PLL|vcoph[0]'
Slack : 1.666
TNS   : 0.000

Type  : Slow 1100mV 0C Model Minimum Pulse Width 'CLOCK_50'
Slack : 8.807
TNS   : 0.000

Type  : Slow 1100mV 0C Model Minimum Pulse Width 'D1|V1|VGA|mypll|altpll_component|auto_generated|generic_pll1~PLL_OUTPUT_COUNTER|divclk'
Slack : 18.731
TNS   : 0.000

Type  : Fast 1100mV 85C Model Setup 'CLOCK_50'
Slack : -15.187
TNS   : -347.378

Type  : Fast 1100mV 85C Model Setup 'audio_interface:A1|BPM_counter:B1|Step'
Slack : -2.244
TNS   : -30.395

Type  : Fast 1100mV 85C Model Setup 'audio_interface:A1|avconf:AVC1|mI2C_CTRL_CLK'
Slack : -1.116
TNS   : -53.377

Type  : Fast 1100mV 85C Model Setup 'audio_interface:A1|DAC_controller:DC1|i2cState.I2CREAD_ACK'
Slack : -0.376
TNS   : -1.332

Type  : Fast 1100mV 85C Model Setup 'D1|V1|VGA|mypll|altpll_component|auto_generated|generic_pll1~PLL_OUTPUT_COUNTER|divclk'
Slack : 31.578
TNS   : 0.000

Type  : Fast 1100mV 85C Model Hold 'audio_interface:A1|avconf:AVC1|mI2C_CTRL_CLK'
Slack : 0.086
TNS   : 0.000

Type  : Fast 1100mV 85C Model Hold 'CLOCK_50'
Slack : 0.129
TNS   : 0.000

Type  : Fast 1100mV 85C Model Hold 'audio_interface:A1|BPM_counter:B1|Step'
Slack : 0.177
TNS   : 0.000

Type  : Fast 1100mV 85C Model Hold 'D1|V1|VGA|mypll|altpll_component|auto_generated|generic_pll1~PLL_OUTPUT_COUNTER|divclk'
Slack : 0.252
TNS   : 0.000

Type  : Fast 1100mV 85C Model Hold 'audio_interface:A1|DAC_controller:DC1|i2cState.I2CREAD_ACK'
Slack : 0.440
TNS   : 0.000

Type  : Fast 1100mV 85C Model Recovery 'audio_interface:A1|DAC_controller:DC1|i2cState.I2CREAD_ACK'
Slack : -1.302
TNS   : -5.204

Type  : Fast 1100mV 85C Model Recovery 'CLOCK_50'
Slack : 16.457
TNS   : 0.000

Type  : Fast 1100mV 85C Model Removal 'CLOCK_50'
Slack : 0.894
TNS   : 0.000

Type  : Fast 1100mV 85C Model Removal 'audio_interface:A1|DAC_controller:DC1|i2cState.I2CREAD_ACK'
Slack : 1.201
TNS   : 0.000

Type  : Fast 1100mV 85C Model Minimum Pulse Width 'audio_interface:A1|BPM_counter:B1|Step'
Slack : -0.042
TNS   : -0.125

Type  : Fast 1100mV 85C Model Minimum Pulse Width 'audio_interface:A1|avconf:AVC1|mI2C_CTRL_CLK'
Slack : -0.020
TNS   : -0.137

Type  : Fast 1100mV 85C Model Minimum Pulse Width 'audio_interface:A1|DAC_controller:DC1|i2cState.I2CREAD_ACK'
Slack : 0.152
TNS   : 0.000

Type  : Fast 1100mV 85C Model Minimum Pulse Width 'D1|V1|VGA|mypll|altpll_component|auto_generated|generic_pll1~FRACTIONAL_PLL|vcoph[0]'
Slack : 1.666
TNS   : 0.000

Type  : Fast 1100mV 85C Model Minimum Pulse Width 'CLOCK_50'
Slack : 8.789
TNS   : 0.000

Type  : Fast 1100mV 85C Model Minimum Pulse Width 'D1|V1|VGA|mypll|altpll_component|auto_generated|generic_pll1~PLL_OUTPUT_COUNTER|divclk'
Slack : 18.876
TNS   : 0.000

Type  : Fast 1100mV 0C Model Setup 'CLOCK_50'
Slack : -12.983
TNS   : -296.193

Type  : Fast 1100mV 0C Model Setup 'audio_interface:A1|BPM_counter:B1|Step'
Slack : -2.166
TNS   : -29.512

Type  : Fast 1100mV 0C Model Setup 'audio_interface:A1|avconf:AVC1|mI2C_CTRL_CLK'
Slack : -0.966
TNS   : -45.397

Type  : Fast 1100mV 0C Model Setup 'audio_interface:A1|DAC_controller:DC1|i2cState.I2CREAD_ACK'
Slack : -0.285
TNS   : -0.994

Type  : Fast 1100mV 0C Model Setup 'D1|V1|VGA|mypll|altpll_component|auto_generated|generic_pll1~PLL_OUTPUT_COUNTER|divclk'
Slack : 32.668
TNS   : 0.000

Type  : Fast 1100mV 0C Model Hold 'CLOCK_50'
Slack : -0.026
TNS   : -0.070

Type  : Fast 1100mV 0C Model Hold 'audio_interface:A1|avconf:AVC1|mI2C_CTRL_CLK'
Slack : 0.065
TNS   : 0.000

Type  : Fast 1100mV 0C Model Hold 'audio_interface:A1|BPM_counter:B1|Step'
Slack : 0.161
TNS   : 0.000

Type  : Fast 1100mV 0C Model Hold 'D1|V1|VGA|mypll|altpll_component|auto_generated|generic_pll1~PLL_OUTPUT_COUNTER|divclk'
Slack : 0.221
TNS   : 0.000

Type  : Fast 1100mV 0C Model Hold 'audio_interface:A1|DAC_controller:DC1|i2cState.I2CREAD_ACK'
Slack : 0.392
TNS   : 0.000

Type  : Fast 1100mV 0C Model Recovery 'audio_interface:A1|DAC_controller:DC1|i2cState.I2CREAD_ACK'
Slack : -1.269
TNS   : -5.072

Type  : Fast 1100mV 0C Model Recovery 'CLOCK_50'
Slack : 16.878
TNS   : 0.000

Type  : Fast 1100mV 0C Model Removal 'CLOCK_50'
Slack : 0.792
TNS   : 0.000

Type  : Fast 1100mV 0C Model Removal 'audio_interface:A1|DAC_controller:DC1|i2cState.I2CREAD_ACK'
Slack : 1.182
TNS   : 0.000

Type  : Fast 1100mV 0C Model Minimum Pulse Width 'audio_interface:A1|avconf:AVC1|mI2C_CTRL_CLK'
Slack : 0.010
TNS   : 0.000

Type  : Fast 1100mV 0C Model Minimum Pulse Width 'audio_interface:A1|BPM_counter:B1|Step'
Slack : 0.011
TNS   : 0.000

Type  : Fast 1100mV 0C Model Minimum Pulse Width 'audio_interface:A1|DAC_controller:DC1|i2cState.I2CREAD_ACK'
Slack : 0.147
TNS   : 0.000

Type  : Fast 1100mV 0C Model Minimum Pulse Width 'D1|V1|VGA|mypll|altpll_component|auto_generated|generic_pll1~FRACTIONAL_PLL|vcoph[0]'
Slack : 1.666
TNS   : 0.000

Type  : Fast 1100mV 0C Model Minimum Pulse Width 'CLOCK_50'
Slack : 8.781
TNS   : 0.000

Type  : Fast 1100mV 0C Model Minimum Pulse Width 'D1|V1|VGA|mypll|altpll_component|auto_generated|generic_pll1~PLL_OUTPUT_COUNTER|divclk'
Slack : 18.880
TNS   : 0.000

------------------------------------------------------------
