------------------------------------------------------------
Timing Analyzer Summary
------------------------------------------------------------

Type  : Slow 1100mV 85C Model Setup 'CLOCK_50'
Slack : -42.803
TNS   : -902.175

Type  : Slow 1100mV 85C Model Setup 'audio_interface:A1|BPM_counter:B1|Step'
Slack : -4.354
TNS   : -60.828

Type  : Slow 1100mV 85C Model Setup 'audio_interface:A1|avconf:AVC1|mI2C_CTRL_CLK'
Slack : -2.437
TNS   : -133.015

Type  : Slow 1100mV 85C Model Setup 'audio_interface:A1|DAC_controller:DC1|i2cState.I2CREAD_ACK'
Slack : -1.201
TNS   : -4.299

Type  : Slow 1100mV 85C Model Setup 'D1|V1|VGA|mypll|altpll_component|auto_generated|generic_pll1~PLL_OUTPUT_COUNTER|divclk'
Slack : 28.408
TNS   : 0.000

Type  : Slow 1100mV 85C Model Hold 'CLOCK_50'
Slack : 0.026
TNS   : 0.000

Type  : Slow 1100mV 85C Model Hold 'audio_interface:A1|avconf:AVC1|mI2C_CTRL_CLK'
Slack : 0.380
TNS   : 0.000

Type  : Slow 1100mV 85C Model Hold 'D1|V1|VGA|mypll|altpll_component|auto_generated|generic_pll1~PLL_OUTPUT_COUNTER|divclk'
Slack : 0.404
TNS   : 0.000

Type  : Slow 1100mV 85C Model Hold 'audio_interface:A1|BPM_counter:B1|Step'
Slack : 0.728
TNS   : 0.000

Type  : Slow 1100mV 85C Model Hold 'audio_interface:A1|DAC_controller:DC1|i2cState.I2CREAD_ACK'
Slack : 0.797
TNS   : 0.000

Type  : Slow 1100mV 85C Model Recovery 'audio_interface:A1|DAC_controller:DC1|i2cState.I2CREAD_ACK'
Slack : -3.089
TNS   : -12.343

Type  : Slow 1100mV 85C Model Recovery 'CLOCK_50'
Slack : 13.551
TNS   : 0.000

Type  : Slow 1100mV 85C Model Removal 'CLOCK_50'
Slack : 1.465
TNS   : 0.000

Type  : Slow 1100mV 85C Model Removal 'audio_interface:A1|DAC_controller:DC1|i2cState.I2CREAD_ACK'
Slack : 2.604
TNS   : 0.000

Type  : Slow 1100mV 85C Model Minimum Pulse Width 'audio_interface:A1|avconf:AVC1|mI2C_CTRL_CLK'
Slack : -0.394
TNS   : -38.500

Type  : Slow 1100mV 85C Model Minimum Pulse Width 'audio_interface:A1|BPM_counter:B1|Step'
Slack : -0.394
TNS   : -9.993

Type  : Slow 1100mV 85C Model Minimum Pulse Width 'audio_interface:A1|DAC_controller:DC1|i2cState.I2CREAD_ACK'
Slack : -0.394
TNS   : -2.049

Type  : Slow 1100mV 85C Model Minimum Pulse Width 'D1|V1|VGA|mypll|altpll_component|auto_generated|generic_pll1~FRACTIONAL_PLL|vcoph[0]'
Slack : 1.666
TNS   : 0.000

Type  : Slow 1100mV 85C Model Minimum Pulse Width 'CLOCK_50'
Slack : 8.858
TNS   : 0.000

Type  : Slow 1100mV 85C Model Minimum Pulse Width 'D1|V1|VGA|mypll|altpll_component|auto_generated|generic_pll1~PLL_OUTPUT_COUNTER|divclk'
Slack : 18.757
TNS   : 0.000

Type  : Slow 1100mV 0C Model Setup 'CLOCK_50'
Slack : -43.502
TNS   : -911.432

Type  : Slow 1100mV 0C Model Setup 'audio_interface:A1|BPM_counter:B1|Step'
Slack : -4.483
TNS   : -63.425

Type  : Slow 1100mV 0C Model Setup 'audio_interface:A1|avconf:AVC1|mI2C_CTRL_CLK'
Slack : -2.446
TNS   : -128.497

Type  : Slow 1100mV 0C Model Setup 'audio_interface:A1|DAC_controller:DC1|i2cState.I2CREAD_ACK'
Slack : -1.214
TNS   : -4.248

Type  : Slow 1100mV 0C Model Setup 'D1|V1|VGA|mypll|altpll_component|auto_generated|generic_pll1~PLL_OUTPUT_COUNTER|divclk'
Slack : 28.859
TNS   : 0.000

Type  : Slow 1100mV 0C Model Hold 'CLOCK_50'
Slack : -0.312
TNS   : -0.896

Type  : Slow 1100mV 0C Model Hold 'D1|V1|VGA|mypll|altpll_component|auto_generated|generic_pll1~PLL_OUTPUT_COUNTER|divclk'
Slack : 0.385
TNS   : 0.000

Type  : Slow 1100mV 0C Model Hold 'audio_interface:A1|avconf:AVC1|mI2C_CTRL_CLK'
Slack : 0.387
TNS   : 0.000

Type  : Slow 1100mV 0C Model Hold 'audio_interface:A1|BPM_counter:B1|Step'
Slack : 0.719
TNS   : 0.000

Type  : Slow 1100mV 0C Model Hold 'audio_interface:A1|DAC_controller:DC1|i2cState.I2CREAD_ACK'
Slack : 0.768
TNS   : 0.000

Type  : Slow 1100mV 0C Model Recovery 'audio_interface:A1|DAC_controller:DC1|i2cState.I2CREAD_ACK'
Slack : -3.170
TNS   : -12.666

Type  : Slow 1100mV 0C Model Recovery 'CLOCK_50'
Slack : 13.827
TNS   : 0.000

Type  : Slow 1100mV 0C Model Removal 'CLOCK_50'
Slack : 1.388
TNS   : 0.000

Type  : Slow 1100mV 0C Model Removal 'audio_interface:A1|DAC_controller:DC1|i2cState.I2CREAD_ACK'
Slack : 2.704
TNS   : 0.000

Type  : Slow 1100mV 0C Model Minimum Pulse Width 'audio_interface:A1|avconf:AVC1|mI2C_CTRL_CLK'
Slack : -0.394
TNS   : -37.056

Type  : Slow 1100mV 0C Model Minimum Pulse Width 'audio_interface:A1|BPM_counter:B1|Step'
Slack : -0.394
TNS   : -9.851

Type  : Slow 1100mV 0C Model Minimum Pulse Width 'audio_interface:A1|DAC_controller:DC1|i2cState.I2CREAD_ACK'
Slack : -0.394
TNS   : -2.160

Type  : Slow 1100mV 0C Model Minimum Pulse Width 'D1|V1|VGA|mypll|altpll_component|auto_generated|generic_pll1~FRACTIONAL_PLL|vcoph[0]'
Slack : 1.666
TNS   : 0.000

Type  : Slow 1100mV 0C Model Minimum Pulse Width 'CLOCK_50'
Slack : 8.807
TNS   : 0.000

Type  : Slow 1100mV 0C Model Minimum Pulse Width 'D1|V1|VGA|mypll|altpll_component|auto_generated|generic_pll1~PLL_OUTPUT_COUNTER|divclk'
Slack : 18.730
TNS   : 0.000

Type  : Fast 1100mV 85C Model Setup 'CLOCK_50'
Slack : -15.072
TNS   : -346.687

Type  : Fast 1100mV 85C Model Setup 'audio_interface:A1|BPM_counter:B1|Step'
Slack : -2.223
TNS   : -29.712

Type  : Fast 1100mV 85C Model Setup 'audio_interface:A1|avconf:AVC1|mI2C_CTRL_CLK'
Slack : -1.273
TNS   : -59.651

Type  : Fast 1100mV 85C Model Setup 'audio_interface:A1|DAC_controller:DC1|i2cState.I2CREAD_ACK'
Slack : -0.402
TNS   : -1.358

Type  : Fast 1100mV 85C Model Setup 'D1|V1|VGA|mypll|altpll_component|auto_generated|generic_pll1~PLL_OUTPUT_COUNTER|divclk'
Slack : 31.792
TNS   : 0.000

Type  : Fast 1100mV 85C Model Hold 'audio_interface:A1|avconf:AVC1|mI2C_CTRL_CLK'
Slack : 0.137
TNS   : 0.000

Type  : Fast 1100mV 85C Model Hold 'CLOCK_50'
Slack : 0.139
TNS   : 0.000

Type  : Fast 1100mV 85C Model Hold 'D1|V1|VGA|mypll|altpll_component|auto_generated|generic_pll1~PLL_OUTPUT_COUNTER|divclk'
Slack : 0.236
TNS   : 0.000

Type  : Fast 1100mV 85C Model Hold 'audio_interface:A1|BPM_counter:B1|Step'
Slack : 0.347
TNS   : 0.000

Type  : Fast 1100mV 85C Model Hold 'audio_interface:A1|DAC_controller:DC1|i2cState.I2CREAD_ACK'
Slack : 0.438
TNS   : 0.000

Type  : Fast 1100mV 85C Model Recovery 'audio_interface:A1|DAC_controller:DC1|i2cState.I2CREAD_ACK'
Slack : -1.397
TNS   : -5.583

Type  : Fast 1100mV 85C Model Recovery 'CLOCK_50'
Slack : 15.510
TNS   : 0.000

Type  : Fast 1100mV 85C Model Removal 'CLOCK_50'
Slack : 0.869
TNS   : 0.000

Type  : Fast 1100mV 85C Model Removal 'audio_interface:A1|DAC_controller:DC1|i2cState.I2CREAD_ACK'
Slack : 1.306
TNS   : 0.000

Type  : Fast 1100mV 85C Model Minimum Pulse Width 'audio_interface:A1|BPM_counter:B1|Step'
Slack : -0.034
TNS   : -0.181

Type  : Fast 1100mV 85C Model Minimum Pulse Width 'audio_interface:A1|avconf:AVC1|mI2C_CTRL_CLK'
Slack : 0.024
TNS   : 0.000

Type  : Fast 1100mV 85C Model Minimum Pulse Width 'audio_interface:A1|DAC_controller:DC1|i2cState.I2CREAD_ACK'
Slack : 0.148
TNS   : 0.000

Type  : Fast 1100mV 85C Model Minimum Pulse Width 'D1|V1|VGA|mypll|altpll_component|auto_generated|generic_pll1~FRACTIONAL_PLL|vcoph[0]'
Slack : 1.666
TNS   : 0.000

Type  : Fast 1100mV 85C Model Minimum Pulse Width 'CLOCK_50'
Slack : 8.785
TNS   : 0.000

Type  : Fast 1100mV 85C Model Minimum Pulse Width 'D1|V1|VGA|mypll|altpll_component|auto_generated|generic_pll1~PLL_OUTPUT_COUNTER|divclk'
Slack : 18.876
TNS   : 0.000

Type  : Fast 1100mV 0C Model Setup 'CLOCK_50'
Slack : -12.867
TNS   : -294.716

Type  : Fast 1100mV 0C Model Setup 'audio_interface:A1|BPM_counter:B1|Step'
Slack : -2.134
TNS   : -28.947

Type  : Fast 1100mV 0C Model Setup 'audio_interface:A1|avconf:AVC1|mI2C_CTRL_CLK'
Slack : -1.101
TNS   : -50.775

Type  : Fast 1100mV 0C Model Setup 'audio_interface:A1|DAC_controller:DC1|i2cState.I2CREAD_ACK'
Slack : -0.308
TNS   : -1.014

Type  : Fast 1100mV 0C Model Setup 'D1|V1|VGA|mypll|altpll_component|auto_generated|generic_pll1~PLL_OUTPUT_COUNTER|divclk'
Slack : 32.829
TNS   : 0.000

Type  : Fast 1100mV 0C Model Hold 'CLOCK_50'
Slack : -0.067
TNS   : -0.175

Type  : Fast 1100mV 0C Model Hold 'audio_interface:A1|avconf:AVC1|mI2C_CTRL_CLK'
Slack : 0.124
TNS   : 0.000

Type  : Fast 1100mV 0C Model Hold 'D1|V1|VGA|mypll|altpll_component|auto_generated|generic_pll1~PLL_OUTPUT_COUNTER|divclk'
Slack : 0.215
TNS   : 0.000

Type  : Fast 1100mV 0C Model Hold 'audio_interface:A1|BPM_counter:B1|Step'
Slack : 0.321
TNS   : 0.000

Type  : Fast 1100mV 0C Model Hold 'audio_interface:A1|DAC_controller:DC1|i2cState.I2CREAD_ACK'
Slack : 0.393
TNS   : 0.000

Type  : Fast 1100mV 0C Model Recovery 'audio_interface:A1|DAC_controller:DC1|i2cState.I2CREAD_ACK'
Slack : -1.365
TNS   : -5.455

Type  : Fast 1100mV 0C Model Recovery 'CLOCK_50'
Slack : 16.044
TNS   : 0.000

Type  : Fast 1100mV 0C Model Removal 'CLOCK_50'
Slack : 0.774
TNS   : 0.000

Type  : Fast 1100mV 0C Model Removal 'audio_interface:A1|DAC_controller:DC1|i2cState.I2CREAD_ACK'
Slack : 1.291
TNS   : 0.000

Type  : Fast 1100mV 0C Model Minimum Pulse Width 'audio_interface:A1|BPM_counter:B1|Step'
Slack : 0.013
TNS   : 0.000

Type  : Fast 1100mV 0C Model Minimum Pulse Width 'audio_interface:A1|avconf:AVC1|mI2C_CTRL_CLK'
Slack : 0.062
TNS   : 0.000

Type  : Fast 1100mV 0C Model Minimum Pulse Width 'audio_interface:A1|DAC_controller:DC1|i2cState.I2CREAD_ACK'
Slack : 0.141
TNS   : 0.000

Type  : Fast 1100mV 0C Model Minimum Pulse Width 'D1|V1|VGA|mypll|altpll_component|auto_generated|generic_pll1~FRACTIONAL_PLL|vcoph[0]'
Slack : 1.666
TNS   : 0.000

Type  : Fast 1100mV 0C Model Minimum Pulse Width 'CLOCK_50'
Slack : 8.781
TNS   : 0.000

Type  : Fast 1100mV 0C Model Minimum Pulse Width 'D1|V1|VGA|mypll|altpll_component|auto_generated|generic_pll1~PLL_OUTPUT_COUNTER|divclk'
Slack : 18.880
TNS   : 0.000

------------------------------------------------------------
