------------------------------------------------------------
Timing Analyzer Summary
------------------------------------------------------------

Type  : Slow 1100mV 85C Model Setup 'CLOCK_50'
Slack : -42.742
TNS   : -916.224

Type  : Slow 1100mV 85C Model Setup 'audio_interface:A1|BPM_counter:B1|Step'
Slack : -4.241
TNS   : -61.836

Type  : Slow 1100mV 85C Model Setup 'audio_interface:A1|avconf:AVC1|mI2C_CTRL_CLK'
Slack : -2.215
TNS   : -128.416

Type  : Slow 1100mV 85C Model Setup 'audio_interface:A1|DAC_controller:DC1|i2cState.I2CREAD_ACK'
Slack : -1.131
TNS   : -3.831

Type  : Slow 1100mV 85C Model Setup 'D1|V1|VGA|mypll|altpll_component|auto_generated|generic_pll1~PLL_OUTPUT_COUNTER|divclk'
Slack : 28.239
TNS   : 0.000

Type  : Slow 1100mV 85C Model Hold 'CLOCK_50'
Slack : 0.048
TNS   : 0.000

Type  : Slow 1100mV 85C Model Hold 'D1|V1|VGA|mypll|altpll_component|auto_generated|generic_pll1~PLL_OUTPUT_COUNTER|divclk'
Slack : 0.431
TNS   : 0.000

Type  : Slow 1100mV 85C Model Hold 'audio_interface:A1|BPM_counter:B1|Step'
Slack : 0.464
TNS   : 0.000

Type  : Slow 1100mV 85C Model Hold 'audio_interface:A1|avconf:AVC1|mI2C_CTRL_CLK'
Slack : 0.467
TNS   : 0.000

Type  : Slow 1100mV 85C Model Hold 'audio_interface:A1|DAC_controller:DC1|i2cState.I2CREAD_ACK'
Slack : 0.531
TNS   : 0.000

Type  : Slow 1100mV 85C Model Recovery 'audio_interface:A1|DAC_controller:DC1|i2cState.I2CREAD_ACK'
Slack : -2.772
TNS   : -11.080

Type  : Slow 1100mV 85C Model Recovery 'CLOCK_50'
Slack : 14.674
TNS   : 0.000

Type  : Slow 1100mV 85C Model Removal 'CLOCK_50'
Slack : 1.185
TNS   : 0.000

Type  : Slow 1100mV 85C Model Removal 'audio_interface:A1|DAC_controller:DC1|i2cState.I2CREAD_ACK'
Slack : 2.217
TNS   : 0.000

Type  : Slow 1100mV 85C Model Minimum Pulse Width 'audio_interface:A1|avconf:AVC1|mI2C_CTRL_CLK'
Slack : -0.394
TNS   : -36.420

Type  : Slow 1100mV 85C Model Minimum Pulse Width 'audio_interface:A1|BPM_counter:B1|Step'
Slack : -0.394
TNS   : -8.986

Type  : Slow 1100mV 85C Model Minimum Pulse Width 'audio_interface:A1|DAC_controller:DC1|i2cState.I2CREAD_ACK'
Slack : -0.394
TNS   : -2.092

Type  : Slow 1100mV 85C Model Minimum Pulse Width 'D1|V1|VGA|mypll|altpll_component|auto_generated|generic_pll1~FRACTIONAL_PLL|vcoph[0]'
Slack : 1.666
TNS   : 0.000

Type  : Slow 1100mV 85C Model Minimum Pulse Width 'CLOCK_50'
Slack : 8.858
TNS   : 0.000

Type  : Slow 1100mV 85C Model Minimum Pulse Width 'D1|V1|VGA|mypll|altpll_component|auto_generated|generic_pll1~PLL_OUTPUT_COUNTER|divclk'
Slack : 18.757
TNS   : 0.000

Type  : Slow 1100mV 0C Model Setup 'CLOCK_50'
Slack : -43.782
TNS   : -932.755

Type  : Slow 1100mV 0C Model Setup 'audio_interface:A1|BPM_counter:B1|Step'
Slack : -4.421
TNS   : -64.300

Type  : Slow 1100mV 0C Model Setup 'audio_interface:A1|avconf:AVC1|mI2C_CTRL_CLK'
Slack : -2.174
TNS   : -123.560

Type  : Slow 1100mV 0C Model Setup 'audio_interface:A1|DAC_controller:DC1|i2cState.I2CREAD_ACK'
Slack : -1.137
TNS   : -3.834

Type  : Slow 1100mV 0C Model Setup 'D1|V1|VGA|mypll|altpll_component|auto_generated|generic_pll1~PLL_OUTPUT_COUNTER|divclk'
Slack : 28.734
TNS   : 0.000

Type  : Slow 1100mV 0C Model Hold 'CLOCK_50'
Slack : -0.243
TNS   : -0.243

Type  : Slow 1100mV 0C Model Hold 'D1|V1|VGA|mypll|altpll_component|auto_generated|generic_pll1~PLL_OUTPUT_COUNTER|divclk'
Slack : 0.387
TNS   : 0.000

Type  : Slow 1100mV 0C Model Hold 'audio_interface:A1|avconf:AVC1|mI2C_CTRL_CLK'
Slack : 0.433
TNS   : 0.000

Type  : Slow 1100mV 0C Model Hold 'audio_interface:A1|BPM_counter:B1|Step'
Slack : 0.453
TNS   : 0.000

Type  : Slow 1100mV 0C Model Hold 'audio_interface:A1|DAC_controller:DC1|i2cState.I2CREAD_ACK'
Slack : 0.509
TNS   : 0.000

Type  : Slow 1100mV 0C Model Recovery 'audio_interface:A1|DAC_controller:DC1|i2cState.I2CREAD_ACK'
Slack : -2.872
TNS   : -11.479

Type  : Slow 1100mV 0C Model Recovery 'CLOCK_50'
Slack : 14.862
TNS   : 0.000

Type  : Slow 1100mV 0C Model Removal 'CLOCK_50'
Slack : 1.085
TNS   : 0.000

Type  : Slow 1100mV 0C Model Removal 'audio_interface:A1|DAC_controller:DC1|i2cState.I2CREAD_ACK'
Slack : 2.346
TNS   : 0.000

Type  : Slow 1100mV 0C Model Minimum Pulse Width 'audio_interface:A1|avconf:AVC1|mI2C_CTRL_CLK'
Slack : -0.394
TNS   : -36.010

Type  : Slow 1100mV 0C Model Minimum Pulse Width 'audio_interface:A1|BPM_counter:B1|Step'
Slack : -0.394
TNS   : -9.011

Type  : Slow 1100mV 0C Model Minimum Pulse Width 'audio_interface:A1|DAC_controller:DC1|i2cState.I2CREAD_ACK'
Slack : -0.394
TNS   : -2.117

Type  : Slow 1100mV 0C Model Minimum Pulse Width 'D1|V1|VGA|mypll|altpll_component|auto_generated|generic_pll1~FRACTIONAL_PLL|vcoph[0]'
Slack : 1.666
TNS   : 0.000

Type  : Slow 1100mV 0C Model Minimum Pulse Width 'CLOCK_50'
Slack : 8.807
TNS   : 0.000

Type  : Slow 1100mV 0C Model Minimum Pulse Width 'D1|V1|VGA|mypll|altpll_component|auto_generated|generic_pll1~PLL_OUTPUT_COUNTER|divclk'
Slack : 18.731
TNS   : 0.000

Type  : Fast 1100mV 85C Model Setup 'CLOCK_50'
Slack : -14.750
TNS   : -344.785

Type  : Fast 1100mV 85C Model Setup 'audio_interface:A1|BPM_counter:B1|Step'
Slack : -2.209
TNS   : -31.141

Type  : Fast 1100mV 85C Model Setup 'audio_interface:A1|avconf:AVC1|mI2C_CTRL_CLK'
Slack : -1.158
TNS   : -55.312

Type  : Fast 1100mV 85C Model Setup 'audio_interface:A1|DAC_controller:DC1|i2cState.I2CREAD_ACK'
Slack : -0.323
TNS   : -0.965

Type  : Fast 1100mV 85C Model Setup 'D1|V1|VGA|mypll|altpll_component|auto_generated|generic_pll1~PLL_OUTPUT_COUNTER|divclk'
Slack : 31.782
TNS   : 0.000

Type  : Fast 1100mV 85C Model Hold 'CLOCK_50'
Slack : 0.131
TNS   : 0.000

Type  : Fast 1100mV 85C Model Hold 'audio_interface:A1|avconf:AVC1|mI2C_CTRL_CLK'
Slack : 0.195
TNS   : 0.000

Type  : Fast 1100mV 85C Model Hold 'audio_interface:A1|BPM_counter:B1|Step'
Slack : 0.196
TNS   : 0.000

Type  : Fast 1100mV 85C Model Hold 'D1|V1|VGA|mypll|altpll_component|auto_generated|generic_pll1~PLL_OUTPUT_COUNTER|divclk'
Slack : 0.247
TNS   : 0.000

Type  : Fast 1100mV 85C Model Hold 'audio_interface:A1|DAC_controller:DC1|i2cState.I2CREAD_ACK'
Slack : 0.277
TNS   : 0.000

Type  : Fast 1100mV 85C Model Recovery 'audio_interface:A1|DAC_controller:DC1|i2cState.I2CREAD_ACK'
Slack : -1.228
TNS   : -4.909

Type  : Fast 1100mV 85C Model Recovery 'CLOCK_50'
Slack : 16.400
TNS   : 0.000

Type  : Fast 1100mV 85C Model Removal 'CLOCK_50'
Slack : 0.727
TNS   : 0.000

Type  : Fast 1100mV 85C Model Removal 'audio_interface:A1|DAC_controller:DC1|i2cState.I2CREAD_ACK'
Slack : 1.105
TNS   : 0.000

Type  : Fast 1100mV 85C Model Minimum Pulse Width 'audio_interface:A1|BPM_counter:B1|Step'
Slack : -0.011
TNS   : -0.027

Type  : Fast 1100mV 85C Model Minimum Pulse Width 'audio_interface:A1|avconf:AVC1|mI2C_CTRL_CLK'
Slack : 0.069
TNS   : 0.000

Type  : Fast 1100mV 85C Model Minimum Pulse Width 'audio_interface:A1|DAC_controller:DC1|i2cState.I2CREAD_ACK'
Slack : 0.112
TNS   : 0.000

Type  : Fast 1100mV 85C Model Minimum Pulse Width 'D1|V1|VGA|mypll|altpll_component|auto_generated|generic_pll1~FRACTIONAL_PLL|vcoph[0]'
Slack : 1.666
TNS   : 0.000

Type  : Fast 1100mV 85C Model Minimum Pulse Width 'CLOCK_50'
Slack : 8.789
TNS   : 0.000

Type  : Fast 1100mV 85C Model Minimum Pulse Width 'D1|V1|VGA|mypll|altpll_component|auto_generated|generic_pll1~PLL_OUTPUT_COUNTER|divclk'
Slack : 18.876
TNS   : 0.000

Type  : Fast 1100mV 0C Model Setup 'CLOCK_50'
Slack : -12.618
TNS   : -293.241

Type  : Fast 1100mV 0C Model Setup 'audio_interface:A1|BPM_counter:B1|Step'
Slack : -2.111
TNS   : -30.249

Type  : Fast 1100mV 0C Model Setup 'audio_interface:A1|avconf:AVC1|mI2C_CTRL_CLK'
Slack : -0.978
TNS   : -46.951

Type  : Fast 1100mV 0C Model Setup 'audio_interface:A1|DAC_controller:DC1|i2cState.I2CREAD_ACK'
Slack : -0.262
TNS   : -0.782

Type  : Fast 1100mV 0C Model Setup 'D1|V1|VGA|mypll|altpll_component|auto_generated|generic_pll1~PLL_OUTPUT_COUNTER|divclk'
Slack : 32.849
TNS   : 0.000

Type  : Fast 1100mV 0C Model Hold 'CLOCK_50'
Slack : -0.025
TNS   : -0.083

Type  : Fast 1100mV 0C Model Hold 'audio_interface:A1|avconf:AVC1|mI2C_CTRL_CLK'
Slack : 0.162
TNS   : 0.000

Type  : Fast 1100mV 0C Model Hold 'audio_interface:A1|BPM_counter:B1|Step'
Slack : 0.178
TNS   : 0.000

Type  : Fast 1100mV 0C Model Hold 'D1|V1|VGA|mypll|altpll_component|auto_generated|generic_pll1~PLL_OUTPUT_COUNTER|divclk'
Slack : 0.231
TNS   : 0.000

Type  : Fast 1100mV 0C Model Hold 'audio_interface:A1|DAC_controller:DC1|i2cState.I2CREAD_ACK'
Slack : 0.247
TNS   : 0.000

Type  : Fast 1100mV 0C Model Recovery 'audio_interface:A1|DAC_controller:DC1|i2cState.I2CREAD_ACK'
Slack : -1.217
TNS   : -4.865

Type  : Fast 1100mV 0C Model Recovery 'CLOCK_50'
Slack : 16.796
TNS   : 0.000

Type  : Fast 1100mV 0C Model Removal 'CLOCK_50'
Slack : 0.637
TNS   : 0.000

Type  : Fast 1100mV 0C Model Removal 'audio_interface:A1|DAC_controller:DC1|i2cState.I2CREAD_ACK'
Slack : 1.115
TNS   : 0.000

Type  : Fast 1100mV 0C Model Minimum Pulse Width 'audio_interface:A1|BPM_counter:B1|Step'
Slack : 0.011
TNS   : 0.000

Type  : Fast 1100mV 0C Model Minimum Pulse Width 'audio_interface:A1|avconf:AVC1|mI2C_CTRL_CLK'
Slack : 0.099
TNS   : 0.000

Type  : Fast 1100mV 0C Model Minimum Pulse Width 'audio_interface:A1|DAC_controller:DC1|i2cState.I2CREAD_ACK'
Slack : 0.120
TNS   : 0.000

Type  : Fast 1100mV 0C Model Minimum Pulse Width 'D1|V1|VGA|mypll|altpll_component|auto_generated|generic_pll1~FRACTIONAL_PLL|vcoph[0]'
Slack : 1.666
TNS   : 0.000

Type  : Fast 1100mV 0C Model Minimum Pulse Width 'CLOCK_50'
Slack : 8.783
TNS   : 0.000

Type  : Fast 1100mV 0C Model Minimum Pulse Width 'D1|V1|VGA|mypll|altpll_component|auto_generated|generic_pll1~PLL_OUTPUT_COUNTER|divclk'
Slack : 18.880
TNS   : 0.000

------------------------------------------------------------
