------------------------------------------------------------
Timing Analyzer Summary
------------------------------------------------------------

Type  : Slow 1100mV 85C Model Setup 'CLOCK_50'
Slack : -45.323
TNS   : -2256.226

Type  : Slow 1100mV 85C Model Setup 'audio_interface:A1|BPM_counter:B1|Step'
Slack : -4.244
TNS   : -61.229

Type  : Slow 1100mV 85C Model Setup 'audio_interface:A1|avconf:AVC1|mI2C_CTRL_CLK'
Slack : -2.522
TNS   : -131.739

Type  : Slow 1100mV 85C Model Setup 'audio_interface:A1|DAC_controller:DC1|i2cState.I2CREAD_ACK'
Slack : -1.166
TNS   : -2.805

Type  : Slow 1100mV 85C Model Setup 'D1|V1|VGA|mypll|altpll_component|auto_generated|generic_pll1~PLL_OUTPUT_COUNTER|divclk'
Slack : 28.295
TNS   : 0.000

Type  : Slow 1100mV 85C Model Hold 'CLOCK_50'
Slack : -0.884
TNS   : -0.884

Type  : Slow 1100mV 85C Model Hold 'audio_interface:A1|avconf:AVC1|mI2C_CTRL_CLK'
Slack : 0.261
TNS   : 0.000

Type  : Slow 1100mV 85C Model Hold 'D1|V1|VGA|mypll|altpll_component|auto_generated|generic_pll1~PLL_OUTPUT_COUNTER|divclk'
Slack : 0.430
TNS   : 0.000

Type  : Slow 1100mV 85C Model Hold 'audio_interface:A1|DAC_controller:DC1|i2cState.I2CREAD_ACK'
Slack : 0.603
TNS   : 0.000

Type  : Slow 1100mV 85C Model Hold 'audio_interface:A1|BPM_counter:B1|Step'
Slack : 0.702
TNS   : 0.000

Type  : Slow 1100mV 85C Model Recovery 'audio_interface:A1|DAC_controller:DC1|i2cState.I2CREAD_ACK'
Slack : -2.782
TNS   : -8.346

Type  : Slow 1100mV 85C Model Recovery 'CLOCK_50'
Slack : 15.054
TNS   : 0.000

Type  : Slow 1100mV 85C Model Removal 'CLOCK_50'
Slack : 0.965
TNS   : 0.000

Type  : Slow 1100mV 85C Model Removal 'audio_interface:A1|DAC_controller:DC1|i2cState.I2CREAD_ACK'
Slack : 2.227
TNS   : 0.000

Type  : Slow 1100mV 85C Model Minimum Pulse Width 'audio_interface:A1|avconf:AVC1|mI2C_CTRL_CLK'
Slack : -0.394
TNS   : -35.833

Type  : Slow 1100mV 85C Model Minimum Pulse Width 'audio_interface:A1|BPM_counter:B1|Step'
Slack : -0.394
TNS   : -10.622

Type  : Slow 1100mV 85C Model Minimum Pulse Width 'audio_interface:A1|DAC_controller:DC1|i2cState.I2CREAD_ACK'
Slack : -0.394
TNS   : -1.590

Type  : Slow 1100mV 85C Model Minimum Pulse Width 'D1|V1|VGA|mypll|altpll_component|auto_generated|generic_pll1~FRACTIONAL_PLL|vcoph[0]'
Slack : 1.666
TNS   : 0.000

Type  : Slow 1100mV 85C Model Minimum Pulse Width 'CLOCK_50'
Slack : 8.858
TNS   : 0.000

Type  : Slow 1100mV 85C Model Minimum Pulse Width 'D1|V1|VGA|mypll|altpll_component|auto_generated|generic_pll1~PLL_OUTPUT_COUNTER|divclk'
Slack : 18.761
TNS   : 0.000

Type  : Slow 1100mV 0C Model Setup 'CLOCK_50'
Slack : -46.172
TNS   : -2289.538

Type  : Slow 1100mV 0C Model Setup 'audio_interface:A1|BPM_counter:B1|Step'
Slack : -4.413
TNS   : -63.398

Type  : Slow 1100mV 0C Model Setup 'audio_interface:A1|avconf:AVC1|mI2C_CTRL_CLK'
Slack : -2.527
TNS   : -128.146

Type  : Slow 1100mV 0C Model Setup 'audio_interface:A1|DAC_controller:DC1|i2cState.I2CREAD_ACK'
Slack : -1.176
TNS   : -2.823

Type  : Slow 1100mV 0C Model Setup 'D1|V1|VGA|mypll|altpll_component|auto_generated|generic_pll1~PLL_OUTPUT_COUNTER|divclk'
Slack : 28.780
TNS   : 0.000

Type  : Slow 1100mV 0C Model Hold 'CLOCK_50'
Slack : -1.040
TNS   : -1.420

Type  : Slow 1100mV 0C Model Hold 'audio_interface:A1|avconf:AVC1|mI2C_CTRL_CLK'
Slack : 0.247
TNS   : 0.000

Type  : Slow 1100mV 0C Model Hold 'D1|V1|VGA|mypll|altpll_component|auto_generated|generic_pll1~PLL_OUTPUT_COUNTER|divclk'
Slack : 0.382
TNS   : 0.000

Type  : Slow 1100mV 0C Model Hold 'audio_interface:A1|DAC_controller:DC1|i2cState.I2CREAD_ACK'
Slack : 0.584
TNS   : 0.000

Type  : Slow 1100mV 0C Model Hold 'audio_interface:A1|BPM_counter:B1|Step'
Slack : 0.679
TNS   : 0.000

Type  : Slow 1100mV 0C Model Recovery 'audio_interface:A1|DAC_controller:DC1|i2cState.I2CREAD_ACK'
Slack : -2.815
TNS   : -8.445

Type  : Slow 1100mV 0C Model Recovery 'CLOCK_50'
Slack : 15.261
TNS   : 0.000

Type  : Slow 1100mV 0C Model Removal 'CLOCK_50'
Slack : 0.876
TNS   : 0.000

Type  : Slow 1100mV 0C Model Removal 'audio_interface:A1|DAC_controller:DC1|i2cState.I2CREAD_ACK'
Slack : 2.277
TNS   : 0.000

Type  : Slow 1100mV 0C Model Minimum Pulse Width 'audio_interface:A1|avconf:AVC1|mI2C_CTRL_CLK'
Slack : -0.394
TNS   : -35.730

Type  : Slow 1100mV 0C Model Minimum Pulse Width 'audio_interface:A1|BPM_counter:B1|Step'
Slack : -0.394
TNS   : -10.336

Type  : Slow 1100mV 0C Model Minimum Pulse Width 'audio_interface:A1|DAC_controller:DC1|i2cState.I2CREAD_ACK'
Slack : -0.394
TNS   : -1.689

Type  : Slow 1100mV 0C Model Minimum Pulse Width 'D1|V1|VGA|mypll|altpll_component|auto_generated|generic_pll1~FRACTIONAL_PLL|vcoph[0]'
Slack : 1.666
TNS   : 0.000

Type  : Slow 1100mV 0C Model Minimum Pulse Width 'CLOCK_50'
Slack : 8.807
TNS   : 0.000

Type  : Slow 1100mV 0C Model Minimum Pulse Width 'D1|V1|VGA|mypll|altpll_component|auto_generated|generic_pll1~PLL_OUTPUT_COUNTER|divclk'
Slack : 18.738
TNS   : 0.000

Type  : Fast 1100mV 85C Model Setup 'CLOCK_50'
Slack : -16.317
TNS   : -909.401

Type  : Fast 1100mV 85C Model Setup 'audio_interface:A1|BPM_counter:B1|Step'
Slack : -2.118
TNS   : -30.810

Type  : Fast 1100mV 85C Model Setup 'audio_interface:A1|avconf:AVC1|mI2C_CTRL_CLK'
Slack : -1.196
TNS   : -57.201

Type  : Fast 1100mV 85C Model Setup 'audio_interface:A1|DAC_controller:DC1|i2cState.I2CREAD_ACK'
Slack : -0.391
TNS   : -0.717

Type  : Fast 1100mV 85C Model Setup 'D1|V1|VGA|mypll|altpll_component|auto_generated|generic_pll1~PLL_OUTPUT_COUNTER|divclk'
Slack : 32.039
TNS   : 0.000

Type  : Fast 1100mV 85C Model Hold 'CLOCK_50'
Slack : -0.604
TNS   : -0.604

Type  : Fast 1100mV 85C Model Hold 'audio_interface:A1|avconf:AVC1|mI2C_CTRL_CLK'
Slack : 0.086
TNS   : 0.000

Type  : Fast 1100mV 85C Model Hold 'D1|V1|VGA|mypll|altpll_component|auto_generated|generic_pll1~PLL_OUTPUT_COUNTER|divclk'
Slack : 0.238
TNS   : 0.000

Type  : Fast 1100mV 85C Model Hold 'audio_interface:A1|BPM_counter:B1|Step'
Slack : 0.241
TNS   : 0.000

Type  : Fast 1100mV 85C Model Hold 'audio_interface:A1|DAC_controller:DC1|i2cState.I2CREAD_ACK'
Slack : 0.305
TNS   : 0.000

Type  : Fast 1100mV 85C Model Recovery 'audio_interface:A1|DAC_controller:DC1|i2cState.I2CREAD_ACK'
Slack : -1.271
TNS   : -3.813

Type  : Fast 1100mV 85C Model Recovery 'CLOCK_50'
Slack : 16.437
TNS   : 0.000

Type  : Fast 1100mV 85C Model Removal 'CLOCK_50'
Slack : 0.601
TNS   : 0.000

Type  : Fast 1100mV 85C Model Removal 'audio_interface:A1|DAC_controller:DC1|i2cState.I2CREAD_ACK'
Slack : 1.156
TNS   : 0.000

Type  : Fast 1100mV 85C Model Minimum Pulse Width 'audio_interface:A1|BPM_counter:B1|Step'
Slack : -0.106
TNS   : -0.698

Type  : Fast 1100mV 85C Model Minimum Pulse Width 'audio_interface:A1|avconf:AVC1|mI2C_CTRL_CLK'
Slack : 0.074
TNS   : 0.000

Type  : Fast 1100mV 85C Model Minimum Pulse Width 'audio_interface:A1|DAC_controller:DC1|i2cState.I2CREAD_ACK'
Slack : 0.151
TNS   : 0.000

Type  : Fast 1100mV 85C Model Minimum Pulse Width 'D1|V1|VGA|mypll|altpll_component|auto_generated|generic_pll1~FRACTIONAL_PLL|vcoph[0]'
Slack : 1.666
TNS   : 0.000

Type  : Fast 1100mV 85C Model Minimum Pulse Width 'CLOCK_50'
Slack : 8.788
TNS   : 0.000

Type  : Fast 1100mV 85C Model Minimum Pulse Width 'D1|V1|VGA|mypll|altpll_component|auto_generated|generic_pll1~PLL_OUTPUT_COUNTER|divclk'
Slack : 18.881
TNS   : 0.000

Type  : Fast 1100mV 0C Model Setup 'CLOCK_50'
Slack : -14.079
TNS   : -786.716

Type  : Fast 1100mV 0C Model Setup 'audio_interface:A1|BPM_counter:B1|Step'
Slack : -2.048
TNS   : -29.805

Type  : Fast 1100mV 0C Model Setup 'audio_interface:A1|avconf:AVC1|mI2C_CTRL_CLK'
Slack : -1.058
TNS   : -49.071

Type  : Fast 1100mV 0C Model Setup 'audio_interface:A1|DAC_controller:DC1|i2cState.I2CREAD_ACK'
Slack : -0.299
TNS   : -0.567

Type  : Fast 1100mV 0C Model Setup 'D1|V1|VGA|mypll|altpll_component|auto_generated|generic_pll1~PLL_OUTPUT_COUNTER|divclk'
Slack : 33.057
TNS   : 0.000

Type  : Fast 1100mV 0C Model Hold 'CLOCK_50'
Slack : -0.742
TNS   : -0.854

Type  : Fast 1100mV 0C Model Hold 'audio_interface:A1|avconf:AVC1|mI2C_CTRL_CLK'
Slack : 0.067
TNS   : 0.000

Type  : Fast 1100mV 0C Model Hold 'D1|V1|VGA|mypll|altpll_component|auto_generated|generic_pll1~PLL_OUTPUT_COUNTER|divclk'
Slack : 0.198
TNS   : 0.000

Type  : Fast 1100mV 0C Model Hold 'audio_interface:A1|BPM_counter:B1|Step'
Slack : 0.214
TNS   : 0.000

Type  : Fast 1100mV 0C Model Hold 'audio_interface:A1|DAC_controller:DC1|i2cState.I2CREAD_ACK'
Slack : 0.273
TNS   : 0.000

Type  : Fast 1100mV 0C Model Recovery 'audio_interface:A1|DAC_controller:DC1|i2cState.I2CREAD_ACK'
Slack : -1.232
TNS   : -3.696

Type  : Fast 1100mV 0C Model Recovery 'CLOCK_50'
Slack : 16.873
TNS   : 0.000

Type  : Fast 1100mV 0C Model Removal 'CLOCK_50'
Slack : 0.523
TNS   : 0.000

Type  : Fast 1100mV 0C Model Removal 'audio_interface:A1|DAC_controller:DC1|i2cState.I2CREAD_ACK'
Slack : 1.135
TNS   : 0.000

Type  : Fast 1100mV 0C Model Minimum Pulse Width 'audio_interface:A1|BPM_counter:B1|Step'
Slack : -0.047
TNS   : -0.097

Type  : Fast 1100mV 0C Model Minimum Pulse Width 'audio_interface:A1|avconf:AVC1|mI2C_CTRL_CLK'
Slack : 0.091
TNS   : 0.000

Type  : Fast 1100mV 0C Model Minimum Pulse Width 'audio_interface:A1|DAC_controller:DC1|i2cState.I2CREAD_ACK'
Slack : 0.142
TNS   : 0.000

Type  : Fast 1100mV 0C Model Minimum Pulse Width 'D1|V1|VGA|mypll|altpll_component|auto_generated|generic_pll1~FRACTIONAL_PLL|vcoph[0]'
Slack : 1.666
TNS   : 0.000

Type  : Fast 1100mV 0C Model Minimum Pulse Width 'CLOCK_50'
Slack : 8.782
TNS   : 0.000

Type  : Fast 1100mV 0C Model Minimum Pulse Width 'D1|V1|VGA|mypll|altpll_component|auto_generated|generic_pll1~PLL_OUTPUT_COUNTER|divclk'
Slack : 18.883
TNS   : 0.000

------------------------------------------------------------
